C51 COMPILER V9.54   ADDA_LIB                                                              10/16/2020 17:25:51 PAGE 1   


C51 COMPILER V9.54, COMPILATION OF MODULE ADDA_LIB
OBJECT MODULE PLACED IN .\Objects\ADDA_lib.obj
COMPILER INVOKED BY: D:\Keil\3\C51\BIN\C51.EXE ..\HARDWARE\ADDA\ADDA_lib.c OPTIMIZE(8,SPEED) BROWSE INCDIR(..\HARDWARE\B
                    -ASE;..\HARDWARE\DELAYMS;..\HARDWARE\DS18B20;..\HARDWARE\IIC;..\HARDWARE\SMG) DEBUG OBJECTEXTEND PRINT(.\Listings\ADDA_li
                    -b.lst) TABS(2) OBJECT(.\Objects\ADDA_lib.obj)

line level    source

   1          /*ADC*/
   2          #include "ADDA_lib.h"
   3          // [chl]选择通道
   4          
   5          uchar ADC(uchar chl)
   6          {
   7   1        uchar value;
   8   1        while (1) // 等待设备应答
   9   1        {
  10   2          IIC_Start();
  11   2          IIC_SendByte(0x90);//write
  12   2          if (IIC_WaitAck()) break;
  13   2        }
  14   1        IIC_SendByte(chl);
  15   1        IIC_WaitAck();
  16   1        IIC_Stop();
  17   1        
  18   1        IIC_Start();
  19   1        IIC_SendByte(0x91);//read
  20   1        IIC_WaitAck();
  21   1        value = IIC_RecByte();
  22   1        IIC_SendAck(0);
  23   1        IIC_Stop();
  24   1        return value; // 需转换为电压值
  25   1      }
  26          /*DAC*/
  27          void DAC(uchar value) // 输入值需要转换
  28          {
  29   1        while (1)
  30   1        {
  31   2          IIC_Start();
  32   2          IIC_SendByte(0x90);
  33   2          if (IIC_WaitAck()) break;
  34   2        }
  35   1        IIC_SendByte(0x40);
  36   1        IIC_WaitAck();
  37   1        IIC_SendByte(value);
  38   1        IIC_WaitAck();
  39   1        IIC_Stop();
  40   1      }


MODULE INFORMATION:   STATIC OVERLAYABLE
   CODE SIZE        =     87    ----
   CONSTANT SIZE    =   ----    ----
   XDATA SIZE       =   ----    ----
   PDATA SIZE       =   ----    ----
   DATA SIZE        =   ----       3
   IDATA SIZE       =   ----    ----
   BIT SIZE         =   ----    ----
END OF MODULE INFORMATION.


C51 COMPILATION COMPLETE.  0 WARNING(S),  0 ERROR(S)
