C51 COMPILER V9.54   DELAYMS_LIB                                                           10/16/2020 22:23:08 PAGE 1   


C51 COMPILER V9.54, COMPILATION OF MODULE DELAYMS_LIB
OBJECT MODULE PLACED IN .\Objects\Delayms_lib.obj
COMPILER INVOKED BY: D:\Keil\3\C51\BIN\C51.EXE ..\HARDWARE\DELAYMS\Delayms_lib.c OPTIMIZE(8,SPEED) BROWSE INCDIR(..\HARD
                    -WARE\BASE;..\HARDWARE\DELAYMS;..\HARDWARE\DS18B20;..\HARDWARE\IIC;..\HARDWARE\SMG;..\HARDWARE\TINIT;..\HARDWARE\KEYPAD) 
                    -DEBUG OBJECTEXTEND PRINT(.\Listings\Delayms_lib.lst) TABS(2) OBJECT(.\Objects\Delayms_lib.obj)

line level    source

   1          /***********软件延时************/
   2          #include "Delayms_lib.h"
   3          
   4          
   5          void delayms(uint time)
   6          {
   7   1          uint i, j;
   8   1          for (i = time; i > 0; i--)
   9   1              for (j = 845; j > 0; j--);
  10   1      }


MODULE INFORMATION:   STATIC OVERLAYABLE
   CODE SIZE        =     30    ----
   CONSTANT SIZE    =   ----    ----
   XDATA SIZE       =   ----    ----
   PDATA SIZE       =   ----    ----
   DATA SIZE        =   ----    ----
   IDATA SIZE       =   ----    ----
   BIT SIZE         =   ----    ----
END OF MODULE INFORMATION.


C51 COMPILATION COMPLETE.  0 WARNING(S),  0 ERROR(S)
